// Jest Snapshot v1, https://goo.gl/fbAQLP

exports[`Snapshot 1`] = `
Object {
  "Parameters": Object {
    "BootstrapVersion": Object {
      "Default": "/cdk-bootstrap/hnb659fds/version",
      "Description": "Version of the CDK Bootstrap resources in this environment, automatically retrieved from SSM Parameter Store. [cdk:skip]",
      "Type": "AWS::SSM::Parameter::Value<String>",
    },
  },
  "Resources": Object {
    "verwerkingenloggingdevelopmentAssetsFileAsset1D805D78E": Object {
      "Properties": Object {
        "Artifacts": Object {
          "Type": "CODEPIPELINE",
        },
        "Cache": Object {
          "Type": "NO_CACHE",
        },
        "Description": "Pipeline step test/Pipeline/Assets/FileAsset1",
        "EncryptionKey": Object {
          "Fn::GetAtt": Array [
            "verwerkingenloggingdevelopmentPipelineArtifactsBucketEncryptionKeyFD04BE26",
            "Arn",
          ],
        },
        "Environment": Object {
          "ComputeType": "BUILD_GENERAL1_SMALL",
          "Image": "aws/codebuild/standard:5.0",
          "ImagePullCredentialsType": "CODEBUILD",
          "PrivilegedMode": false,
          "Type": "LINUX_CONTAINER",
        },
        "ServiceRole": Object {
          "Fn::GetAtt": Array [
            "verwerkingenloggingdevelopmentAssetsFileRole3E22E760",
            "Arn",
          ],
        },
        "Source": Object {
          "BuildSpec": "{
  \\"version\\": \\"0.2\\",
  \\"phases\\": {
    \\"install\\": {
      \\"commands\\": [
        \\"npm install -g cdk-assets@2\\"
      ]
    },
    \\"build\\": {
      \\"commands\\": [
        \\"cdk-assets --path \\\\\\"assembly-test-ApiStage/testApiStageapistack441C69F1.assets.json\\\\\\" --verbose publish \\\\\\"15fb00656cbbe2f56323c36ef2a819ca585cd8994b7df155360dbae9a3481d94:test-eu-west-1\\\\\\"\\"
      ]
    }
  }
}",
          "Type": "CODEPIPELINE",
        },
        "Tags": Array [
          Object {
            "Key": "cdkManaged",
            "Value": "yes",
          },
          Object {
            "Key": "Project",
            "Value": "verwerkingenlogging",
          },
        ],
      },
      "Type": "AWS::CodeBuild::Project",
    },
    "verwerkingenloggingdevelopmentAssetsFileRole3E22E760": Object {
      "Properties": Object {
        "AssumeRolePolicyDocument": Object {
          "Statement": Array [
            Object {
              "Action": "sts:AssumeRole",
              "Effect": "Allow",
              "Principal": Object {
                "Service": "codebuild.amazonaws.com",
              },
            },
            Object {
              "Action": "sts:AssumeRole",
              "Effect": "Allow",
              "Principal": Object {
                "AWS": Object {
                  "Fn::Join": Array [
                    "",
                    Array [
                      "arn:",
                      Object {
                        "Ref": "AWS::Partition",
                      },
                      ":iam::test:root",
                    ],
                  ],
                },
              },
            },
          ],
          "Version": "2012-10-17",
        },
        "Tags": Array [
          Object {
            "Key": "cdkManaged",
            "Value": "yes",
          },
          Object {
            "Key": "Project",
            "Value": "verwerkingenlogging",
          },
        ],
      },
      "Type": "AWS::IAM::Role",
    },
    "verwerkingenloggingdevelopmentAssetsFileRoleDefaultPolicy498051AC": Object {
      "Properties": Object {
        "PolicyDocument": Object {
          "Statement": Array [
            Object {
              "Action": Array [
                "logs:CreateLogGroup",
                "logs:CreateLogStream",
                "logs:PutLogEvents",
              ],
              "Effect": "Allow",
              "Resource": Object {
                "Fn::Join": Array [
                  "",
                  Array [
                    "arn:",
                    Object {
                      "Ref": "AWS::Partition",
                    },
                    ":logs:eu-west-1:test:log-group:/aws/codebuild/*",
                  ],
                ],
              },
            },
            Object {
              "Action": Array [
                "codebuild:CreateReportGroup",
                "codebuild:CreateReport",
                "codebuild:UpdateReport",
                "codebuild:BatchPutTestCases",
                "codebuild:BatchPutCodeCoverages",
              ],
              "Effect": "Allow",
              "Resource": Object {
                "Fn::Join": Array [
                  "",
                  Array [
                    "arn:",
                    Object {
                      "Ref": "AWS::Partition",
                    },
                    ":codebuild:eu-west-1:test:report-group/*",
                  ],
                ],
              },
            },
            Object {
              "Action": Array [
                "codebuild:BatchGetBuilds",
                "codebuild:StartBuild",
                "codebuild:StopBuild",
              ],
              "Effect": "Allow",
              "Resource": "*",
            },
            Object {
              "Action": "sts:AssumeRole",
              "Effect": "Allow",
              "Resource": Array [
                Object {
                  "Fn::Sub": "arn:\${AWS::Partition}:iam::test:role/cdk-hnb659fds-file-publishing-role-test-eu-west-1",
                },
              ],
            },
            Object {
              "Action": Array [
                "s3:GetObject*",
                "s3:GetBucket*",
                "s3:List*",
              ],
              "Effect": "Allow",
              "Resource": Array [
                Object {
                  "Fn::GetAtt": Array [
                    "verwerkingenloggingdevelopmentPipelineArtifactsBucketDA3B445F",
                    "Arn",
                  ],
                },
                Object {
                  "Fn::Join": Array [
                    "",
                    Array [
                      Object {
                        "Fn::GetAtt": Array [
                          "verwerkingenloggingdevelopmentPipelineArtifactsBucketDA3B445F",
                          "Arn",
                        ],
                      },
                      "/*",
                    ],
                  ],
                },
              ],
            },
            Object {
              "Action": Array [
                "kms:Decrypt",
                "kms:DescribeKey",
              ],
              "Effect": "Allow",
              "Resource": Object {
                "Fn::GetAtt": Array [
                  "verwerkingenloggingdevelopmentPipelineArtifactsBucketEncryptionKeyFD04BE26",
                  "Arn",
                ],
              },
            },
          ],
          "Version": "2012-10-17",
        },
        "PolicyName": "verwerkingenloggingdevelopmentAssetsFileRoleDefaultPolicy498051AC",
        "Roles": Array [
          Object {
            "Ref": "verwerkingenloggingdevelopmentAssetsFileRole3E22E760",
          },
        ],
      },
      "Type": "AWS::IAM::Policy",
    },
    "verwerkingenloggingdevelopmentPipeline78AC899D": Object {
      "DependsOn": Array [
        "verwerkingenloggingdevelopmentPipelineRoleDefaultPolicy7885A94C",
        "verwerkingenloggingdevelopmentPipelineRoleF11EF117",
      ],
      "Properties": Object {
        "ArtifactStore": Object {
          "EncryptionKey": Object {
            "Id": Object {
              "Fn::GetAtt": Array [
                "verwerkingenloggingdevelopmentPipelineArtifactsBucketEncryptionKeyFD04BE26",
                "Arn",
              ],
            },
            "Type": "KMS",
          },
          "Location": Object {
            "Ref": "verwerkingenloggingdevelopmentPipelineArtifactsBucketDA3B445F",
          },
          "Type": "S3",
        },
        "Name": "verwerkingenlogging-development",
        "RestartExecutionOnUpdate": true,
        "RoleArn": Object {
          "Fn::GetAtt": Array [
            "verwerkingenloggingdevelopmentPipelineRoleF11EF117",
            "Arn",
          ],
        },
        "Stages": Array [
          Object {
            "Actions": Array [
              Object {
                "ActionTypeId": Object {
                  "Category": "Source",
                  "Owner": "AWS",
                  "Provider": "CodeStarSourceConnection",
                  "Version": "1",
                },
                "Configuration": Object {
                  "BranchName": "development",
                  "ConnectionArn": "arn:aws:codestar-connections:eu-west-1:418648875085:connection/4f647929-c982-4f30-94f4-24ff7dbf9766",
                  "FullRepositoryId": "GemeenteNijmegen/verwerkingenlogging",
                },
                "Name": "GemeenteNijmegen_verwerkingenlogging",
                "OutputArtifacts": Array [
                  Object {
                    "Name": "GemeenteNijmegen_verwerkingenlogging_Source",
                  },
                ],
                "RoleArn": Object {
                  "Fn::GetAtt": Array [
                    "verwerkingenloggingdevelopmentPipelineSourceGemeenteNijmegenverwerkingenloggingCodePipelineActionRole7B60AC79",
                    "Arn",
                  ],
                },
                "RunOrder": 1,
              },
            ],
            "Name": "Source",
          },
          Object {
            "Actions": Array [
              Object {
                "ActionTypeId": Object {
                  "Category": "Build",
                  "Owner": "AWS",
                  "Provider": "CodeBuild",
                  "Version": "1",
                },
                "Configuration": Object {
                  "EnvironmentVariables": "[{\\"name\\":\\"_PROJECT_CONFIG_HASH\\",\\"type\\":\\"PLAINTEXT\\",\\"value\\":\\"408c2abba59dfe79726f604b5e4be80679cd98aa85c921835e5a1ab7ac11177f\\"}]",
                  "ProjectName": Object {
                    "Ref": "verwerkingenloggingdevelopmentPipelineBuildSynthCdkBuildProjectD2B5B269",
                  },
                },
                "InputArtifacts": Array [
                  Object {
                    "Name": "GemeenteNijmegen_verwerkingenlogging_Source",
                  },
                ],
                "Name": "Synth",
                "OutputArtifacts": Array [
                  Object {
                    "Name": "Synth_Output",
                  },
                ],
                "RoleArn": Object {
                  "Fn::GetAtt": Array [
                    "verwerkingenloggingdevelopmentPipelineBuildSynthCodePipelineActionRole69A0F28A",
                    "Arn",
                  ],
                },
                "RunOrder": 1,
              },
            ],
            "Name": "Build",
          },
          Object {
            "Actions": Array [
              Object {
                "ActionTypeId": Object {
                  "Category": "Build",
                  "Owner": "AWS",
                  "Provider": "CodeBuild",
                  "Version": "1",
                },
                "Configuration": Object {
                  "EnvironmentVariables": "[{\\"name\\":\\"_PROJECT_CONFIG_HASH\\",\\"type\\":\\"PLAINTEXT\\",\\"value\\":\\"3da127aa189deb54d8c0980cc729eac900f60d30510349b54f3361e2131edba9\\"}]",
                  "ProjectName": Object {
                    "Ref": "verwerkingenloggingdevelopmentUpdatePipelineSelfMutation834E063E",
                  },
                },
                "InputArtifacts": Array [
                  Object {
                    "Name": "Synth_Output",
                  },
                ],
                "Name": "SelfMutate",
                "RoleArn": Object {
                  "Fn::GetAtt": Array [
                    "verwerkingenloggingdevelopmentPipelineUpdatePipelineSelfMutateCodePipelineActionRole246704DB",
                    "Arn",
                  ],
                },
                "RunOrder": 1,
              },
            ],
            "Name": "UpdatePipeline",
          },
          Object {
            "Actions": Array [
              Object {
                "ActionTypeId": Object {
                  "Category": "Build",
                  "Owner": "AWS",
                  "Provider": "CodeBuild",
                  "Version": "1",
                },
                "Configuration": Object {
                  "ProjectName": Object {
                    "Ref": "verwerkingenloggingdevelopmentAssetsFileAsset1D805D78E",
                  },
                },
                "InputArtifacts": Array [
                  Object {
                    "Name": "Synth_Output",
                  },
                ],
                "Name": "FileAsset1",
                "RoleArn": Object {
                  "Fn::GetAtt": Array [
                    "verwerkingenloggingdevelopmentPipelineAssetsFileAsset1CodePipelineActionRoleB7CF4F1C",
                    "Arn",
                  ],
                },
                "RunOrder": 1,
              },
            ],
            "Name": "Assets",
          },
          Object {
            "Actions": Array [
              Object {
                "ActionTypeId": Object {
                  "Category": "Deploy",
                  "Owner": "AWS",
                  "Provider": "CloudFormation",
                  "Version": "1",
                },
                "Configuration": Object {
                  "ActionMode": "CHANGE_SET_REPLACE",
                  "Capabilities": "CAPABILITY_NAMED_IAM,CAPABILITY_AUTO_EXPAND",
                  "ChangeSetName": "PipelineChange",
                  "RoleArn": Object {
                    "Fn::Join": Array [
                      "",
                      Array [
                        "arn:",
                        Object {
                          "Ref": "AWS::Partition",
                        },
                        ":iam::test:role/cdk-hnb659fds-cfn-exec-role-test-eu-west-1",
                      ],
                    ],
                  },
                  "StackName": "ParametersStage-params",
                  "TemplateConfiguration": "Synth_Output::assembly-test-ParametersStage/testParametersStageparams86A338F4.template.json.config.json",
                  "TemplatePath": "Synth_Output::assembly-test-ParametersStage/testParametersStageparams86A338F4.template.json",
                },
                "InputArtifacts": Array [
                  Object {
                    "Name": "Synth_Output",
                  },
                ],
                "Name": "Prepare",
                "RoleArn": Object {
                  "Fn::Join": Array [
                    "",
                    Array [
                      "arn:",
                      Object {
                        "Ref": "AWS::Partition",
                      },
                      ":iam::test:role/cdk-hnb659fds-deploy-role-test-eu-west-1",
                    ],
                  ],
                },
                "RunOrder": 1,
              },
              Object {
                "ActionTypeId": Object {
                  "Category": "Deploy",
                  "Owner": "AWS",
                  "Provider": "CloudFormation",
                  "Version": "1",
                },
                "Configuration": Object {
                  "ActionMode": "CHANGE_SET_EXECUTE",
                  "ChangeSetName": "PipelineChange",
                  "StackName": "ParametersStage-params",
                },
                "Name": "Deploy",
                "RoleArn": Object {
                  "Fn::Join": Array [
                    "",
                    Array [
                      "arn:",
                      Object {
                        "Ref": "AWS::Partition",
                      },
                      ":iam::test:role/cdk-hnb659fds-deploy-role-test-eu-west-1",
                    ],
                  ],
                },
                "RunOrder": 2,
              },
            ],
            "Name": "ParametersStage",
          },
          Object {
            "Actions": Array [
              Object {
                "ActionTypeId": Object {
                  "Category": "Deploy",
                  "Owner": "AWS",
                  "Provider": "CloudFormation",
                  "Version": "1",
                },
                "Configuration": Object {
                  "ActionMode": "CHANGE_SET_REPLACE",
                  "Capabilities": "CAPABILITY_NAMED_IAM,CAPABILITY_AUTO_EXPAND",
                  "ChangeSetName": "PipelineChange",
                  "RoleArn": Object {
                    "Fn::Join": Array [
                      "",
                      Array [
                        "arn:",
                        Object {
                          "Ref": "AWS::Partition",
                        },
                        ":iam::test:role/cdk-hnb659fds-cfn-exec-role-test-eu-west-1",
                      ],
                    ],
                  },
                  "StackName": "DatabaseStage-database-stack",
                  "TemplatePath": "Synth_Output::assembly-test-DatabaseStage/testDatabaseStagedatabasestackBBD21C61.template.json",
                },
                "InputArtifacts": Array [
                  Object {
                    "Name": "Synth_Output",
                  },
                ],
                "Name": "Prepare",
                "RoleArn": Object {
                  "Fn::Join": Array [
                    "",
                    Array [
                      "arn:",
                      Object {
                        "Ref": "AWS::Partition",
                      },
                      ":iam::test:role/cdk-hnb659fds-deploy-role-test-eu-west-1",
                    ],
                  ],
                },
                "RunOrder": 1,
              },
              Object {
                "ActionTypeId": Object {
                  "Category": "Deploy",
                  "Owner": "AWS",
                  "Provider": "CloudFormation",
                  "Version": "1",
                },
                "Configuration": Object {
                  "ActionMode": "CHANGE_SET_EXECUTE",
                  "ChangeSetName": "PipelineChange",
                  "StackName": "DatabaseStage-database-stack",
                },
                "Name": "Deploy",
                "RoleArn": Object {
                  "Fn::Join": Array [
                    "",
                    Array [
                      "arn:",
                      Object {
                        "Ref": "AWS::Partition",
                      },
                      ":iam::test:role/cdk-hnb659fds-deploy-role-test-eu-west-1",
                    ],
                  ],
                },
                "RunOrder": 2,
              },
            ],
            "Name": "DatabaseStage",
          },
          Object {
            "Actions": Array [
              Object {
                "ActionTypeId": Object {
                  "Category": "Deploy",
                  "Owner": "AWS",
                  "Provider": "CloudFormation",
                  "Version": "1",
                },
                "Configuration": Object {
                  "ActionMode": "CHANGE_SET_REPLACE",
                  "Capabilities": "CAPABILITY_NAMED_IAM,CAPABILITY_AUTO_EXPAND",
                  "ChangeSetName": "PipelineChange",
                  "RoleArn": Object {
                    "Fn::Join": Array [
                      "",
                      Array [
                        "arn:",
                        Object {
                          "Ref": "AWS::Partition",
                        },
                        ":iam::test:role/cdk-hnb659fds-cfn-exec-role-test-eu-west-1",
                      ],
                    ],
                  },
                  "StackName": "ApiStage-api-stack",
                  "TemplatePath": "Synth_Output::assembly-test-ApiStage/testApiStageapistack441C69F1.template.json",
                },
                "InputArtifacts": Array [
                  Object {
                    "Name": "Synth_Output",
                  },
                ],
                "Name": "Prepare",
                "RoleArn": Object {
                  "Fn::Join": Array [
                    "",
                    Array [
                      "arn:",
                      Object {
                        "Ref": "AWS::Partition",
                      },
                      ":iam::test:role/cdk-hnb659fds-deploy-role-test-eu-west-1",
                    ],
                  ],
                },
                "RunOrder": 1,
              },
              Object {
                "ActionTypeId": Object {
                  "Category": "Deploy",
                  "Owner": "AWS",
                  "Provider": "CloudFormation",
                  "Version": "1",
                },
                "Configuration": Object {
                  "ActionMode": "CHANGE_SET_EXECUTE",
                  "ChangeSetName": "PipelineChange",
                  "StackName": "ApiStage-api-stack",
                },
                "Name": "Deploy",
                "RoleArn": Object {
                  "Fn::Join": Array [
                    "",
                    Array [
                      "arn:",
                      Object {
                        "Ref": "AWS::Partition",
                      },
                      ":iam::test:role/cdk-hnb659fds-deploy-role-test-eu-west-1",
                    ],
                  ],
                },
                "RunOrder": 2,
              },
            ],
            "Name": "ApiStage",
          },
        ],
        "Tags": Array [
          Object {
            "Key": "cdkManaged",
            "Value": "yes",
          },
          Object {
            "Key": "Project",
            "Value": "verwerkingenlogging",
          },
        ],
      },
      "Type": "AWS::CodePipeline::Pipeline",
    },
    "verwerkingenloggingdevelopmentPipelineArtifactsBucketDA3B445F": Object {
      "DeletionPolicy": "Retain",
      "Properties": Object {
        "BucketEncryption": Object {
          "ServerSideEncryptionConfiguration": Array [
            Object {
              "ServerSideEncryptionByDefault": Object {
                "KMSMasterKeyID": Object {
                  "Fn::GetAtt": Array [
                    "verwerkingenloggingdevelopmentPipelineArtifactsBucketEncryptionKeyFD04BE26",
                    "Arn",
                  ],
                },
                "SSEAlgorithm": "aws:kms",
              },
            },
          ],
        },
        "PublicAccessBlockConfiguration": Object {
          "BlockPublicAcls": true,
          "BlockPublicPolicy": true,
          "IgnorePublicAcls": true,
          "RestrictPublicBuckets": true,
        },
        "Tags": Array [
          Object {
            "Key": "cdkManaged",
            "Value": "yes",
          },
          Object {
            "Key": "Project",
            "Value": "verwerkingenlogging",
          },
        ],
      },
      "Type": "AWS::S3::Bucket",
      "UpdateReplacePolicy": "Retain",
    },
    "verwerkingenloggingdevelopmentPipelineArtifactsBucketEncryptionKeyAliasAF651DDD": Object {
      "DeletionPolicy": "Delete",
      "Properties": Object {
        "AliasName": "alias/codepipeline-testverwerkingenloggingdevelopmentpipeline9cd075d8",
        "TargetKeyId": Object {
          "Fn::GetAtt": Array [
            "verwerkingenloggingdevelopmentPipelineArtifactsBucketEncryptionKeyFD04BE26",
            "Arn",
          ],
        },
      },
      "Type": "AWS::KMS::Alias",
      "UpdateReplacePolicy": "Delete",
    },
    "verwerkingenloggingdevelopmentPipelineArtifactsBucketEncryptionKeyFD04BE26": Object {
      "DeletionPolicy": "Delete",
      "Properties": Object {
        "KeyPolicy": Object {
          "Statement": Array [
            Object {
              "Action": "kms:*",
              "Effect": "Allow",
              "Principal": Object {
                "AWS": Object {
                  "Fn::Join": Array [
                    "",
                    Array [
                      "arn:",
                      Object {
                        "Ref": "AWS::Partition",
                      },
                      ":iam::test:root",
                    ],
                  ],
                },
              },
              "Resource": "*",
            },
            Object {
              "Action": Array [
                "kms:Decrypt",
                "kms:DescribeKey",
              ],
              "Effect": "Allow",
              "Principal": Object {
                "AWS": Object {
                  "Fn::Join": Array [
                    "",
                    Array [
                      "arn:",
                      Object {
                        "Ref": "AWS::Partition",
                      },
                      ":iam::test:role/cdk-hnb659fds-deploy-role-test-eu-west-1",
                    ],
                  ],
                },
              },
              "Resource": "*",
            },
          ],
          "Version": "2012-10-17",
        },
        "Tags": Array [
          Object {
            "Key": "cdkManaged",
            "Value": "yes",
          },
          Object {
            "Key": "Project",
            "Value": "verwerkingenlogging",
          },
        ],
      },
      "Type": "AWS::KMS::Key",
      "UpdateReplacePolicy": "Delete",
    },
    "verwerkingenloggingdevelopmentPipelineArtifactsBucketPolicyCB83E4DC": Object {
      "Properties": Object {
        "Bucket": Object {
          "Ref": "verwerkingenloggingdevelopmentPipelineArtifactsBucketDA3B445F",
        },
        "PolicyDocument": Object {
          "Statement": Array [
            Object {
              "Action": "s3:*",
              "Condition": Object {
                "Bool": Object {
                  "aws:SecureTransport": "false",
                },
              },
              "Effect": "Deny",
              "Principal": Object {
                "AWS": "*",
              },
              "Resource": Array [
                Object {
                  "Fn::GetAtt": Array [
                    "verwerkingenloggingdevelopmentPipelineArtifactsBucketDA3B445F",
                    "Arn",
                  ],
                },
                Object {
                  "Fn::Join": Array [
                    "",
                    Array [
                      Object {
                        "Fn::GetAtt": Array [
                          "verwerkingenloggingdevelopmentPipelineArtifactsBucketDA3B445F",
                          "Arn",
                        ],
                      },
                      "/*",
                    ],
                  ],
                },
              ],
            },
            Object {
              "Action": Array [
                "s3:GetObject*",
                "s3:GetBucket*",
                "s3:List*",
              ],
              "Effect": "Allow",
              "Principal": Object {
                "AWS": Object {
                  "Fn::Join": Array [
                    "",
                    Array [
                      "arn:",
                      Object {
                        "Ref": "AWS::Partition",
                      },
                      ":iam::test:role/cdk-hnb659fds-deploy-role-test-eu-west-1",
                    ],
                  ],
                },
              },
              "Resource": Array [
                Object {
                  "Fn::GetAtt": Array [
                    "verwerkingenloggingdevelopmentPipelineArtifactsBucketDA3B445F",
                    "Arn",
                  ],
                },
                Object {
                  "Fn::Join": Array [
                    "",
                    Array [
                      Object {
                        "Fn::GetAtt": Array [
                          "verwerkingenloggingdevelopmentPipelineArtifactsBucketDA3B445F",
                          "Arn",
                        ],
                      },
                      "/*",
                    ],
                  ],
                },
              ],
            },
          ],
          "Version": "2012-10-17",
        },
      },
      "Type": "AWS::S3::BucketPolicy",
    },
    "verwerkingenloggingdevelopmentPipelineAssetsFileAsset1CodePipelineActionRoleB7CF4F1C": Object {
      "Properties": Object {
        "AssumeRolePolicyDocument": Object {
          "Statement": Array [
            Object {
              "Action": "sts:AssumeRole",
              "Effect": "Allow",
              "Principal": Object {
                "AWS": Object {
                  "Fn::Join": Array [
                    "",
                    Array [
                      "arn:",
                      Object {
                        "Ref": "AWS::Partition",
                      },
                      ":iam::test:root",
                    ],
                  ],
                },
              },
            },
          ],
          "Version": "2012-10-17",
        },
        "Tags": Array [
          Object {
            "Key": "cdkManaged",
            "Value": "yes",
          },
          Object {
            "Key": "Project",
            "Value": "verwerkingenlogging",
          },
        ],
      },
      "Type": "AWS::IAM::Role",
    },
    "verwerkingenloggingdevelopmentPipelineAssetsFileAsset1CodePipelineActionRoleDefaultPolicyB4380224": Object {
      "Properties": Object {
        "PolicyDocument": Object {
          "Statement": Array [
            Object {
              "Action": Array [
                "codebuild:BatchGetBuilds",
                "codebuild:StartBuild",
                "codebuild:StopBuild",
              ],
              "Effect": "Allow",
              "Resource": Object {
                "Fn::GetAtt": Array [
                  "verwerkingenloggingdevelopmentAssetsFileAsset1D805D78E",
                  "Arn",
                ],
              },
            },
          ],
          "Version": "2012-10-17",
        },
        "PolicyName": "verwerkingenloggingdevelopmentPipelineAssetsFileAsset1CodePipelineActionRoleDefaultPolicyB4380224",
        "Roles": Array [
          Object {
            "Ref": "verwerkingenloggingdevelopmentPipelineAssetsFileAsset1CodePipelineActionRoleB7CF4F1C",
          },
        ],
      },
      "Type": "AWS::IAM::Policy",
    },
    "verwerkingenloggingdevelopmentPipelineBuildSynthCdkBuildProjectD2B5B269": Object {
      "Properties": Object {
        "Artifacts": Object {
          "Type": "CODEPIPELINE",
        },
        "Cache": Object {
          "Type": "NO_CACHE",
        },
        "Description": "Pipeline step test/Pipeline/Build/Synth",
        "EncryptionKey": Object {
          "Fn::GetAtt": Array [
            "verwerkingenloggingdevelopmentPipelineArtifactsBucketEncryptionKeyFD04BE26",
            "Arn",
          ],
        },
        "Environment": Object {
          "ComputeType": "BUILD_GENERAL1_SMALL",
          "EnvironmentVariables": Array [
            Object {
              "Name": "BRANCH_NAME",
              "Type": "PLAINTEXT",
              "Value": "development",
            },
          ],
          "Image": "aws/codebuild/standard:5.0",
          "ImagePullCredentialsType": "CODEBUILD",
          "PrivilegedMode": true,
          "Type": "LINUX_CONTAINER",
        },
        "ServiceRole": Object {
          "Fn::GetAtt": Array [
            "verwerkingenloggingdevelopmentPipelineBuildSynthCdkBuildProjectRoleE3855705",
            "Arn",
          ],
        },
        "Source": Object {
          "BuildSpec": "{
  \\"version\\": \\"0.2\\",
  \\"phases\\": {
    \\"build\\": {
      \\"commands\\": [
        \\"yarn install --frozen-lockfile\\",
        \\"npx projen build\\",
        \\"npx projen synth\\"
      ]
    }
  },
  \\"artifacts\\": {
    \\"base-directory\\": \\"cdk.out\\",
    \\"files\\": \\"**/*\\"
  }
}",
          "Type": "CODEPIPELINE",
        },
        "Tags": Array [
          Object {
            "Key": "cdkManaged",
            "Value": "yes",
          },
          Object {
            "Key": "Project",
            "Value": "verwerkingenlogging",
          },
        ],
      },
      "Type": "AWS::CodeBuild::Project",
    },
    "verwerkingenloggingdevelopmentPipelineBuildSynthCdkBuildProjectRoleDefaultPolicy0958FE77": Object {
      "Properties": Object {
        "PolicyDocument": Object {
          "Statement": Array [
            Object {
              "Action": Array [
                "logs:CreateLogGroup",
                "logs:CreateLogStream",
                "logs:PutLogEvents",
              ],
              "Effect": "Allow",
              "Resource": Array [
                Object {
                  "Fn::Join": Array [
                    "",
                    Array [
                      "arn:",
                      Object {
                        "Ref": "AWS::Partition",
                      },
                      ":logs:eu-west-1:test:log-group:/aws/codebuild/",
                      Object {
                        "Ref": "verwerkingenloggingdevelopmentPipelineBuildSynthCdkBuildProjectD2B5B269",
                      },
                    ],
                  ],
                },
                Object {
                  "Fn::Join": Array [
                    "",
                    Array [
                      "arn:",
                      Object {
                        "Ref": "AWS::Partition",
                      },
                      ":logs:eu-west-1:test:log-group:/aws/codebuild/",
                      Object {
                        "Ref": "verwerkingenloggingdevelopmentPipelineBuildSynthCdkBuildProjectD2B5B269",
                      },
                      ":*",
                    ],
                  ],
                },
              ],
            },
            Object {
              "Action": Array [
                "codebuild:CreateReportGroup",
                "codebuild:CreateReport",
                "codebuild:UpdateReport",
                "codebuild:BatchPutTestCases",
                "codebuild:BatchPutCodeCoverages",
              ],
              "Effect": "Allow",
              "Resource": Object {
                "Fn::Join": Array [
                  "",
                  Array [
                    "arn:",
                    Object {
                      "Ref": "AWS::Partition",
                    },
                    ":codebuild:eu-west-1:test:report-group/",
                    Object {
                      "Ref": "verwerkingenloggingdevelopmentPipelineBuildSynthCdkBuildProjectD2B5B269",
                    },
                    "-*",
                  ],
                ],
              },
            },
            Object {
              "Action": Array [
                "s3:GetObject*",
                "s3:GetBucket*",
                "s3:List*",
                "s3:DeleteObject*",
                "s3:PutObject",
                "s3:PutObjectLegalHold",
                "s3:PutObjectRetention",
                "s3:PutObjectTagging",
                "s3:PutObjectVersionTagging",
                "s3:Abort*",
              ],
              "Effect": "Allow",
              "Resource": Array [
                Object {
                  "Fn::GetAtt": Array [
                    "verwerkingenloggingdevelopmentPipelineArtifactsBucketDA3B445F",
                    "Arn",
                  ],
                },
                Object {
                  "Fn::Join": Array [
                    "",
                    Array [
                      Object {
                        "Fn::GetAtt": Array [
                          "verwerkingenloggingdevelopmentPipelineArtifactsBucketDA3B445F",
                          "Arn",
                        ],
                      },
                      "/*",
                    ],
                  ],
                },
              ],
            },
            Object {
              "Action": Array [
                "kms:Decrypt",
                "kms:DescribeKey",
                "kms:Encrypt",
                "kms:ReEncrypt*",
                "kms:GenerateDataKey*",
              ],
              "Effect": "Allow",
              "Resource": Object {
                "Fn::GetAtt": Array [
                  "verwerkingenloggingdevelopmentPipelineArtifactsBucketEncryptionKeyFD04BE26",
                  "Arn",
                ],
              },
            },
            Object {
              "Action": Array [
                "kms:Decrypt",
                "kms:Encrypt",
                "kms:ReEncrypt*",
                "kms:GenerateDataKey*",
              ],
              "Effect": "Allow",
              "Resource": Object {
                "Fn::GetAtt": Array [
                  "verwerkingenloggingdevelopmentPipelineArtifactsBucketEncryptionKeyFD04BE26",
                  "Arn",
                ],
              },
            },
          ],
          "Version": "2012-10-17",
        },
        "PolicyName": "verwerkingenloggingdevelopmentPipelineBuildSynthCdkBuildProjectRoleDefaultPolicy0958FE77",
        "Roles": Array [
          Object {
            "Ref": "verwerkingenloggingdevelopmentPipelineBuildSynthCdkBuildProjectRoleE3855705",
          },
        ],
      },
      "Type": "AWS::IAM::Policy",
    },
    "verwerkingenloggingdevelopmentPipelineBuildSynthCdkBuildProjectRoleE3855705": Object {
      "Properties": Object {
        "AssumeRolePolicyDocument": Object {
          "Statement": Array [
            Object {
              "Action": "sts:AssumeRole",
              "Effect": "Allow",
              "Principal": Object {
                "Service": "codebuild.amazonaws.com",
              },
            },
          ],
          "Version": "2012-10-17",
        },
        "Tags": Array [
          Object {
            "Key": "cdkManaged",
            "Value": "yes",
          },
          Object {
            "Key": "Project",
            "Value": "verwerkingenlogging",
          },
        ],
      },
      "Type": "AWS::IAM::Role",
    },
    "verwerkingenloggingdevelopmentPipelineBuildSynthCodePipelineActionRole69A0F28A": Object {
      "Properties": Object {
        "AssumeRolePolicyDocument": Object {
          "Statement": Array [
            Object {
              "Action": "sts:AssumeRole",
              "Effect": "Allow",
              "Principal": Object {
                "AWS": Object {
                  "Fn::Join": Array [
                    "",
                    Array [
                      "arn:",
                      Object {
                        "Ref": "AWS::Partition",
                      },
                      ":iam::test:root",
                    ],
                  ],
                },
              },
            },
          ],
          "Version": "2012-10-17",
        },
        "Tags": Array [
          Object {
            "Key": "cdkManaged",
            "Value": "yes",
          },
          Object {
            "Key": "Project",
            "Value": "verwerkingenlogging",
          },
        ],
      },
      "Type": "AWS::IAM::Role",
    },
    "verwerkingenloggingdevelopmentPipelineBuildSynthCodePipelineActionRoleDefaultPolicyE70908F3": Object {
      "Properties": Object {
        "PolicyDocument": Object {
          "Statement": Array [
            Object {
              "Action": Array [
                "codebuild:BatchGetBuilds",
                "codebuild:StartBuild",
                "codebuild:StopBuild",
              ],
              "Effect": "Allow",
              "Resource": Object {
                "Fn::GetAtt": Array [
                  "verwerkingenloggingdevelopmentPipelineBuildSynthCdkBuildProjectD2B5B269",
                  "Arn",
                ],
              },
            },
          ],
          "Version": "2012-10-17",
        },
        "PolicyName": "verwerkingenloggingdevelopmentPipelineBuildSynthCodePipelineActionRoleDefaultPolicyE70908F3",
        "Roles": Array [
          Object {
            "Ref": "verwerkingenloggingdevelopmentPipelineBuildSynthCodePipelineActionRole69A0F28A",
          },
        ],
      },
      "Type": "AWS::IAM::Policy",
    },
    "verwerkingenloggingdevelopmentPipelineRoleDefaultPolicy7885A94C": Object {
      "Properties": Object {
        "PolicyDocument": Object {
          "Statement": Array [
            Object {
              "Action": Array [
                "s3:GetObject*",
                "s3:GetBucket*",
                "s3:List*",
                "s3:DeleteObject*",
                "s3:PutObject",
                "s3:PutObjectLegalHold",
                "s3:PutObjectRetention",
                "s3:PutObjectTagging",
                "s3:PutObjectVersionTagging",
                "s3:Abort*",
              ],
              "Effect": "Allow",
              "Resource": Array [
                Object {
                  "Fn::GetAtt": Array [
                    "verwerkingenloggingdevelopmentPipelineArtifactsBucketDA3B445F",
                    "Arn",
                  ],
                },
                Object {
                  "Fn::Join": Array [
                    "",
                    Array [
                      Object {
                        "Fn::GetAtt": Array [
                          "verwerkingenloggingdevelopmentPipelineArtifactsBucketDA3B445F",
                          "Arn",
                        ],
                      },
                      "/*",
                    ],
                  ],
                },
              ],
            },
            Object {
              "Action": Array [
                "kms:Decrypt",
                "kms:DescribeKey",
                "kms:Encrypt",
                "kms:ReEncrypt*",
                "kms:GenerateDataKey*",
              ],
              "Effect": "Allow",
              "Resource": Object {
                "Fn::GetAtt": Array [
                  "verwerkingenloggingdevelopmentPipelineArtifactsBucketEncryptionKeyFD04BE26",
                  "Arn",
                ],
              },
            },
            Object {
              "Action": "sts:AssumeRole",
              "Effect": "Allow",
              "Resource": Object {
                "Fn::GetAtt": Array [
                  "verwerkingenloggingdevelopmentPipelineSourceGemeenteNijmegenverwerkingenloggingCodePipelineActionRole7B60AC79",
                  "Arn",
                ],
              },
            },
            Object {
              "Action": "sts:AssumeRole",
              "Effect": "Allow",
              "Resource": Object {
                "Fn::GetAtt": Array [
                  "verwerkingenloggingdevelopmentPipelineBuildSynthCodePipelineActionRole69A0F28A",
                  "Arn",
                ],
              },
            },
            Object {
              "Action": "sts:AssumeRole",
              "Effect": "Allow",
              "Resource": Object {
                "Fn::GetAtt": Array [
                  "verwerkingenloggingdevelopmentPipelineUpdatePipelineSelfMutateCodePipelineActionRole246704DB",
                  "Arn",
                ],
              },
            },
            Object {
              "Action": "sts:AssumeRole",
              "Effect": "Allow",
              "Resource": Object {
                "Fn::GetAtt": Array [
                  "verwerkingenloggingdevelopmentPipelineAssetsFileAsset1CodePipelineActionRoleB7CF4F1C",
                  "Arn",
                ],
              },
            },
            Object {
              "Action": "sts:AssumeRole",
              "Effect": "Allow",
              "Resource": Object {
                "Fn::Join": Array [
                  "",
                  Array [
                    "arn:",
                    Object {
                      "Ref": "AWS::Partition",
                    },
                    ":iam::test:role/cdk-hnb659fds-deploy-role-test-eu-west-1",
                  ],
                ],
              },
            },
          ],
          "Version": "2012-10-17",
        },
        "PolicyName": "verwerkingenloggingdevelopmentPipelineRoleDefaultPolicy7885A94C",
        "Roles": Array [
          Object {
            "Ref": "verwerkingenloggingdevelopmentPipelineRoleF11EF117",
          },
        ],
      },
      "Type": "AWS::IAM::Policy",
    },
    "verwerkingenloggingdevelopmentPipelineRoleF11EF117": Object {
      "Properties": Object {
        "AssumeRolePolicyDocument": Object {
          "Statement": Array [
            Object {
              "Action": "sts:AssumeRole",
              "Effect": "Allow",
              "Principal": Object {
                "Service": "codepipeline.amazonaws.com",
              },
            },
          ],
          "Version": "2012-10-17",
        },
        "Tags": Array [
          Object {
            "Key": "cdkManaged",
            "Value": "yes",
          },
          Object {
            "Key": "Project",
            "Value": "verwerkingenlogging",
          },
        ],
      },
      "Type": "AWS::IAM::Role",
    },
    "verwerkingenloggingdevelopmentPipelineSourceGemeenteNijmegenverwerkingenloggingCodePipelineActionRole7B60AC79": Object {
      "Properties": Object {
        "AssumeRolePolicyDocument": Object {
          "Statement": Array [
            Object {
              "Action": "sts:AssumeRole",
              "Effect": "Allow",
              "Principal": Object {
                "AWS": Object {
                  "Fn::Join": Array [
                    "",
                    Array [
                      "arn:",
                      Object {
                        "Ref": "AWS::Partition",
                      },
                      ":iam::test:root",
                    ],
                  ],
                },
              },
            },
          ],
          "Version": "2012-10-17",
        },
        "Tags": Array [
          Object {
            "Key": "cdkManaged",
            "Value": "yes",
          },
          Object {
            "Key": "Project",
            "Value": "verwerkingenlogging",
          },
        ],
      },
      "Type": "AWS::IAM::Role",
    },
    "verwerkingenloggingdevelopmentPipelineSourceGemeenteNijmegenverwerkingenloggingCodePipelineActionRoleDefaultPolicyC3F4EEB3": Object {
      "Properties": Object {
        "PolicyDocument": Object {
          "Statement": Array [
            Object {
              "Action": "codestar-connections:UseConnection",
              "Effect": "Allow",
              "Resource": "arn:aws:codestar-connections:eu-west-1:418648875085:connection/4f647929-c982-4f30-94f4-24ff7dbf9766",
            },
            Object {
              "Action": Array [
                "s3:GetObject*",
                "s3:GetBucket*",
                "s3:List*",
                "s3:DeleteObject*",
                "s3:PutObject",
                "s3:PutObjectLegalHold",
                "s3:PutObjectRetention",
                "s3:PutObjectTagging",
                "s3:PutObjectVersionTagging",
                "s3:Abort*",
              ],
              "Effect": "Allow",
              "Resource": Array [
                Object {
                  "Fn::GetAtt": Array [
                    "verwerkingenloggingdevelopmentPipelineArtifactsBucketDA3B445F",
                    "Arn",
                  ],
                },
                Object {
                  "Fn::Join": Array [
                    "",
                    Array [
                      Object {
                        "Fn::GetAtt": Array [
                          "verwerkingenloggingdevelopmentPipelineArtifactsBucketDA3B445F",
                          "Arn",
                        ],
                      },
                      "/*",
                    ],
                  ],
                },
              ],
            },
            Object {
              "Action": Array [
                "kms:Decrypt",
                "kms:DescribeKey",
                "kms:Encrypt",
                "kms:ReEncrypt*",
                "kms:GenerateDataKey*",
              ],
              "Effect": "Allow",
              "Resource": Object {
                "Fn::GetAtt": Array [
                  "verwerkingenloggingdevelopmentPipelineArtifactsBucketEncryptionKeyFD04BE26",
                  "Arn",
                ],
              },
            },
            Object {
              "Action": Array [
                "s3:PutObjectAcl",
                "s3:PutObjectVersionAcl",
              ],
              "Effect": "Allow",
              "Resource": Object {
                "Fn::Join": Array [
                  "",
                  Array [
                    Object {
                      "Fn::GetAtt": Array [
                        "verwerkingenloggingdevelopmentPipelineArtifactsBucketDA3B445F",
                        "Arn",
                      ],
                    },
                    "/*",
                  ],
                ],
              },
            },
          ],
          "Version": "2012-10-17",
        },
        "PolicyName": "verwerkingenloggingdevelopmentPipelineSourceGemeenteNijmegenverwerkingenloggingCodePipelineActionRoleDefaultPolicyC3F4EEB3",
        "Roles": Array [
          Object {
            "Ref": "verwerkingenloggingdevelopmentPipelineSourceGemeenteNijmegenverwerkingenloggingCodePipelineActionRole7B60AC79",
          },
        ],
      },
      "Type": "AWS::IAM::Policy",
    },
    "verwerkingenloggingdevelopmentPipelineUpdatePipelineSelfMutateCodePipelineActionRole246704DB": Object {
      "Properties": Object {
        "AssumeRolePolicyDocument": Object {
          "Statement": Array [
            Object {
              "Action": "sts:AssumeRole",
              "Effect": "Allow",
              "Principal": Object {
                "AWS": Object {
                  "Fn::Join": Array [
                    "",
                    Array [
                      "arn:",
                      Object {
                        "Ref": "AWS::Partition",
                      },
                      ":iam::test:root",
                    ],
                  ],
                },
              },
            },
          ],
          "Version": "2012-10-17",
        },
        "Tags": Array [
          Object {
            "Key": "cdkManaged",
            "Value": "yes",
          },
          Object {
            "Key": "Project",
            "Value": "verwerkingenlogging",
          },
        ],
      },
      "Type": "AWS::IAM::Role",
    },
    "verwerkingenloggingdevelopmentPipelineUpdatePipelineSelfMutateCodePipelineActionRoleDefaultPolicy014F43B0": Object {
      "Properties": Object {
        "PolicyDocument": Object {
          "Statement": Array [
            Object {
              "Action": Array [
                "codebuild:BatchGetBuilds",
                "codebuild:StartBuild",
                "codebuild:StopBuild",
              ],
              "Effect": "Allow",
              "Resource": Object {
                "Fn::GetAtt": Array [
                  "verwerkingenloggingdevelopmentUpdatePipelineSelfMutation834E063E",
                  "Arn",
                ],
              },
            },
          ],
          "Version": "2012-10-17",
        },
        "PolicyName": "verwerkingenloggingdevelopmentPipelineUpdatePipelineSelfMutateCodePipelineActionRoleDefaultPolicy014F43B0",
        "Roles": Array [
          Object {
            "Ref": "verwerkingenloggingdevelopmentPipelineUpdatePipelineSelfMutateCodePipelineActionRole246704DB",
          },
        ],
      },
      "Type": "AWS::IAM::Policy",
    },
    "verwerkingenloggingdevelopmentUpdatePipelineSelfMutation834E063E": Object {
      "Properties": Object {
        "Artifacts": Object {
          "Type": "CODEPIPELINE",
        },
        "Cache": Object {
          "Type": "NO_CACHE",
        },
        "Description": "Pipeline step test/Pipeline/UpdatePipeline/SelfMutate",
        "EncryptionKey": Object {
          "Fn::GetAtt": Array [
            "verwerkingenloggingdevelopmentPipelineArtifactsBucketEncryptionKeyFD04BE26",
            "Arn",
          ],
        },
        "Environment": Object {
          "ComputeType": "BUILD_GENERAL1_SMALL",
          "Image": "aws/codebuild/standard:5.0",
          "ImagePullCredentialsType": "CODEBUILD",
          "PrivilegedMode": true,
          "Type": "LINUX_CONTAINER",
        },
        "Name": "verwerkingenlogging-development-selfupdate",
        "ServiceRole": Object {
          "Fn::GetAtt": Array [
            "verwerkingenloggingdevelopmentUpdatePipelineSelfMutationRoleE9DF184D",
            "Arn",
          ],
        },
        "Source": Object {
          "BuildSpec": "{
  \\"version\\": \\"0.2\\",
  \\"phases\\": {
    \\"install\\": {
      \\"commands\\": [
        \\"npm install -g aws-cdk@2\\"
      ]
    },
    \\"build\\": {
      \\"commands\\": [
        \\"cdk -a . deploy test --require-approval=never --verbose\\"
      ]
    }
  }
}",
          "Type": "CODEPIPELINE",
        },
        "Tags": Array [
          Object {
            "Key": "cdkManaged",
            "Value": "yes",
          },
          Object {
            "Key": "Project",
            "Value": "verwerkingenlogging",
          },
        ],
      },
      "Type": "AWS::CodeBuild::Project",
    },
    "verwerkingenloggingdevelopmentUpdatePipelineSelfMutationRoleDefaultPolicy4EE1AFFC": Object {
      "Properties": Object {
        "PolicyDocument": Object {
          "Statement": Array [
            Object {
              "Action": Array [
                "logs:CreateLogGroup",
                "logs:CreateLogStream",
                "logs:PutLogEvents",
              ],
              "Effect": "Allow",
              "Resource": Array [
                Object {
                  "Fn::Join": Array [
                    "",
                    Array [
                      "arn:",
                      Object {
                        "Ref": "AWS::Partition",
                      },
                      ":logs:eu-west-1:test:log-group:/aws/codebuild/",
                      Object {
                        "Ref": "verwerkingenloggingdevelopmentUpdatePipelineSelfMutation834E063E",
                      },
                    ],
                  ],
                },
                Object {
                  "Fn::Join": Array [
                    "",
                    Array [
                      "arn:",
                      Object {
                        "Ref": "AWS::Partition",
                      },
                      ":logs:eu-west-1:test:log-group:/aws/codebuild/",
                      Object {
                        "Ref": "verwerkingenloggingdevelopmentUpdatePipelineSelfMutation834E063E",
                      },
                      ":*",
                    ],
                  ],
                },
              ],
            },
            Object {
              "Action": Array [
                "codebuild:CreateReportGroup",
                "codebuild:CreateReport",
                "codebuild:UpdateReport",
                "codebuild:BatchPutTestCases",
                "codebuild:BatchPutCodeCoverages",
              ],
              "Effect": "Allow",
              "Resource": Object {
                "Fn::Join": Array [
                  "",
                  Array [
                    "arn:",
                    Object {
                      "Ref": "AWS::Partition",
                    },
                    ":codebuild:eu-west-1:test:report-group/",
                    Object {
                      "Ref": "verwerkingenloggingdevelopmentUpdatePipelineSelfMutation834E063E",
                    },
                    "-*",
                  ],
                ],
              },
            },
            Object {
              "Action": "sts:AssumeRole",
              "Condition": Object {
                "ForAnyValue:StringEquals": Object {
                  "iam:ResourceTag/aws-cdk:bootstrap-role": Array [
                    "image-publishing",
                    "file-publishing",
                    "deploy",
                  ],
                },
              },
              "Effect": "Allow",
              "Resource": "arn:*:iam::test:role/*",
            },
            Object {
              "Action": "cloudformation:DescribeStacks",
              "Effect": "Allow",
              "Resource": "*",
            },
            Object {
              "Action": "s3:ListBucket",
              "Effect": "Allow",
              "Resource": "*",
            },
            Object {
              "Action": Array [
                "s3:GetObject*",
                "s3:GetBucket*",
                "s3:List*",
              ],
              "Effect": "Allow",
              "Resource": Array [
                Object {
                  "Fn::GetAtt": Array [
                    "verwerkingenloggingdevelopmentPipelineArtifactsBucketDA3B445F",
                    "Arn",
                  ],
                },
                Object {
                  "Fn::Join": Array [
                    "",
                    Array [
                      Object {
                        "Fn::GetAtt": Array [
                          "verwerkingenloggingdevelopmentPipelineArtifactsBucketDA3B445F",
                          "Arn",
                        ],
                      },
                      "/*",
                    ],
                  ],
                },
              ],
            },
            Object {
              "Action": Array [
                "kms:Decrypt",
                "kms:DescribeKey",
              ],
              "Effect": "Allow",
              "Resource": Object {
                "Fn::GetAtt": Array [
                  "verwerkingenloggingdevelopmentPipelineArtifactsBucketEncryptionKeyFD04BE26",
                  "Arn",
                ],
              },
            },
            Object {
              "Action": Array [
                "kms:Decrypt",
                "kms:Encrypt",
                "kms:ReEncrypt*",
                "kms:GenerateDataKey*",
              ],
              "Effect": "Allow",
              "Resource": Object {
                "Fn::GetAtt": Array [
                  "verwerkingenloggingdevelopmentPipelineArtifactsBucketEncryptionKeyFD04BE26",
                  "Arn",
                ],
              },
            },
          ],
          "Version": "2012-10-17",
        },
        "PolicyName": "verwerkingenloggingdevelopmentUpdatePipelineSelfMutationRoleDefaultPolicy4EE1AFFC",
        "Roles": Array [
          Object {
            "Ref": "verwerkingenloggingdevelopmentUpdatePipelineSelfMutationRoleE9DF184D",
          },
        ],
      },
      "Type": "AWS::IAM::Policy",
    },
    "verwerkingenloggingdevelopmentUpdatePipelineSelfMutationRoleE9DF184D": Object {
      "Properties": Object {
        "AssumeRolePolicyDocument": Object {
          "Statement": Array [
            Object {
              "Action": "sts:AssumeRole",
              "Effect": "Allow",
              "Principal": Object {
                "Service": "codebuild.amazonaws.com",
              },
            },
          ],
          "Version": "2012-10-17",
        },
        "Tags": Array [
          Object {
            "Key": "cdkManaged",
            "Value": "yes",
          },
          Object {
            "Key": "Project",
            "Value": "verwerkingenlogging",
          },
        ],
      },
      "Type": "AWS::IAM::Role",
    },
  },
  "Rules": Object {
    "CheckBootstrapVersion": Object {
      "Assertions": Array [
        Object {
          "Assert": Object {
            "Fn::Not": Array [
              Object {
                "Fn::Contains": Array [
                  Array [
                    "1",
                    "2",
                    "3",
                    "4",
                    "5",
                  ],
                  Object {
                    "Ref": "BootstrapVersion",
                  },
                ],
              },
            ],
          },
          "AssertDescription": "CDK bootstrap stack version 6 required. Please run 'cdk bootstrap' with a recent version of the CDK CLI.",
        },
      ],
    },
  },
}
`;
